// Jest Snapshot v1, https://goo.gl/fbAQLP

exports[`<HookItems /> spec renders the component 1`] = `
<DocumentFragment>
  <ul
    data-testid="items"
  >
    <li
      data-testid="item"
    >
      1: KeysValue
    </li>
    <li
      data-testid="item"
    >
      2: 2KeysValue
    </li>
    <li
      data-testid="item"
    >
      3: 3KeysValue
    </li>
    <li
      data-testid="item"
    >
      4: 4KeysValue
    </li>
  </ul>
</DocumentFragment>
`;
